// Jest Snapshot v1, https://goo.gl/fbAQLP

exports[`ApiTextField.vue renders correctly 1`] = `
<form
  class="v-form d-flex flex-wrap my-4"
  novalidate="novalidate"
>
  <div
    class="v-input v-input--hide-details theme--light v-text-field v-text-field--enclosed v-text-field--outlined v-select"
  >
    <div
      class="v-input__control"
    >
      <div
        aria-expanded="false"
        aria-haspopup="listbox"
        aria-owns="list-9"
        class="v-input__slot"
        role="button"
      >
        <fieldset
          aria-hidden="true"
        >
          <legend
            style="width: 0px;"
          >
            <span>
              â€‹
            </span>
          </legend>
        </fieldset>
        <div
          class="v-select__slot"
        >
          <label
            class="v-label theme--light"
            for="input-9"
            style="left: 0px; position: absolute;"
          >
            Test Field
          </label>
          <div
            class="v-select__selections"
          >
            <input
              aria-readonly="false"
              autocomplete="off"
              id="input-9"
              readonly="readonly"
              type="text"
            />
          </div>
          <div
            class="v-input__append-inner"
          >
            <i
              aria-hidden="true"
              class="v-icon notranslate mdi mdi-menu-down theme--light"
            />
             
            <div
              class="d-flex"
            >
              <!---->
               
              <!---->
               
              <!---->
            </div>
          </div>
          <input
            type="hidden"
            value="Test Value"
          />
        </div>
        <div
          class="v-menu"
        >
          <!---->
        </div>
      </div>
    </div>
  </div>
   
  <!---->
</form>
`;
