// Jest Snapshot v1, https://goo.gl/fbAQLP

exports[`An ERichtext looks like a richtext field: empty 1`] = `
<div data-app>
     <div class="e-form-container">
          <div class="v-input v-input--hide-details theme--light v-text-field v-text-field--single-line v-text-field--filled v-text-field--enclosed">
               <div class="v-input__control">
                    <div class="v-input__slot">
                         <div class="v-text-field__slot">
                              <div class="editor"
                                   id>
                                   <div style="visibility: hidden;">
                                        <header class="v-sheet theme--light v-toolbar"
                                                style="height: 56px;">
                                             <div class="v-toolbar__content"
                                                  style="height: 56px;">
                                                  <div class="v-btn-toggle v-btn-toggle--dense v-item-group theme--light">
                                                       <button class="v-btn v-btn--is-elevated v-btn--has-bg theme--light v-size--default"
                                                               type="button">
                                                            <span class="v-btn__content">
                                                                 <i aria-hidden="true"
                                                                    class="v-icon notranslate v-icon--dense mdi mdi-format-bold theme--light"></i>
                                                            </span>
                                                       </button>
                                                       <button class="v-btn v-btn--is-elevated v-btn--has-bg theme--light v-size--default"
                                                               type="button">
                                                            <span class="v-btn__content">
                                                                 <i aria-hidden="true"
                                                                    class="v-icon notranslate v-icon--dense mdi mdi-format-italic theme--light"></i>
                                                            </span>
                                                       </button>
                                                       <button class="v-btn v-btn--is-elevated v-btn--has-bg theme--light v-size--default"
                                                               type="button">
                                                            <span class="v-btn__content">
                                                                 <i aria-hidden="true"
                                                                    class="v-icon notranslate v-icon--dense mdi mdi-format-underline theme--light"></i>
                                                            </span>
                                                       </button>
                                                       <button class="v-btn v-btn--is-elevated v-btn--has-bg theme--light v-size--default"
                                                               type="button">
                                                            <span class="v-btn__content">
                                                                 <i aria-hidden="true"
                                                                    class="v-icon notranslate v-icon--dense mdi mdi-format-strikethrough theme--light"></i>
                                                            </span>
                                                       </button>
                                                  </div>
                                             </div>
                                        </header>
                                   </div>
                                   <div class="editor__content"></div>
                              </div>
                         </div>
                    </div>
               </div>
          </div>
     </div>
</div>
`;

exports[`An ERichtext looks like a richtext field: with text 1`] = `
<div data-app>
     <div class="e-form-container"
          value="My text
    with newlines
    and <strong>bold</strong>">
          <div class="v-input v-input--hide-details v-input--is-label-active v-input--is-dirty theme--light v-text-field v-text-field--single-line v-text-field--filled v-text-field--enclosed">
               <div class="v-input__control">
                    <div class="v-input__slot">
                         <div class="v-text-field__slot">
                              <div class="editor"
                                   id>
                                   <div class="editor__content">
                                        <div class="tiptap ProseMirror"
                                             contenteditable="true"
                                             tabindex="0"
                                             translate="no">
                                             <p>My text with newlines and <strong>bold</strong>
                                             </p>
                                        </div>
                                   </div>
                              </div>
                         </div>
                    </div>
               </div>
          </div>
     </div>
</div>
`;
