{
    "_embedded": {
        "items": [
            {
                "_embedded": {
                    "rootContentNode": {
                        "_links": {
                            "children": [],
                            "contentType": {
                                "href": "escaped_value"
                            },
                            "parent": "escaped_value",
                            "root": {
                                "href": "escaped_value"
                            },
                            "self": {
                                "href": "escaped_value"
                            }
                        },
                        "contentTypeName": "escaped_value",
                        "data": {
                            "columns": [
                                {
                                    "slot": "escaped_value",
                                    "width": "escaped_value"
                                }
                            ]
                        },
                        "id": "escaped_value",
                        "instanceName": "escaped_value",
                        "position": "escaped_value",
                        "slot": "escaped_value"
                    }
                },
                "_links": {
                    "camp": {
                        "href": "escaped_value"
                    },
                    "contentNodes": {
                        "href": "escaped_value"
                    },
                    "preferredContentTypes": {
                        "href": "escaped_value"
                    },
                    "rootContentNode": {
                        "href": "escaped_value"
                    },
                    "self": {
                        "href": "escaped_value"
                    }
                },
                "color": "escaped_value",
                "id": "escaped_value",
                "name": "escaped_value",
                "numberingStyle": "escaped_value",
                "short": "escaped_value"
            },
            {
                "_embedded": {
                    "rootContentNode": {
                        "_links": {
                            "children": [],
                            "contentType": {
                                "href": "escaped_value"
                            },
                            "parent": "escaped_value",
                            "root": {
                                "href": "escaped_value"
                            },
                            "self": {
                                "href": "escaped_value"
                            }
                        },
                        "contentTypeName": "escaped_value",
                        "data": {
                            "columns": [
                                {
                                    "slot": "escaped_value",
                                    "width": "escaped_value"
                                }
                            ]
                        },
                        "id": "escaped_value",
                        "instanceName": "escaped_value",
                        "position": "escaped_value",
                        "slot": "escaped_value"
                    }
                },
                "_links": {
                    "camp": {
                        "href": "escaped_value"
                    },
                    "contentNodes": {
                        "href": "escaped_value"
                    },
                    "preferredContentTypes": {
                        "href": "escaped_value"
                    },
                    "rootContentNode": {
                        "href": "escaped_value"
                    },
                    "self": {
                        "href": "escaped_value"
                    }
                },
                "color": "escaped_value",
                "id": "escaped_value",
                "name": "escaped_value",
                "numberingStyle": "escaped_value",
                "short": "escaped_value"
            },
            {
                "_embedded": {
                    "rootContentNode": {
                        "_links": {
                            "children": [],
                            "contentType": {
                                "href": "escaped_value"
                            },
                            "parent": "escaped_value",
                            "root": {
                                "href": "escaped_value"
                            },
                            "self": {
                                "href": "escaped_value"
                            }
                        },
                        "contentTypeName": "escaped_value",
                        "data": {
                            "columns": [
                                {
                                    "slot": "escaped_value",
                                    "width": "escaped_value"
                                }
                            ]
                        },
                        "id": "escaped_value",
                        "instanceName": "escaped_value",
                        "position": "escaped_value",
                        "slot": "escaped_value"
                    }
                },
                "_links": {
                    "camp": {
                        "href": "escaped_value"
                    },
                    "contentNodes": {
                        "href": "escaped_value"
                    },
                    "preferredContentTypes": {
                        "href": "escaped_value"
                    },
                    "rootContentNode": {
                        "href": "escaped_value"
                    },
                    "self": {
                        "href": "escaped_value"
                    }
                },
                "color": "escaped_value",
                "id": "escaped_value",
                "name": "escaped_value",
                "numberingStyle": "escaped_value",
                "short": "escaped_value"
            },
            {
                "_embedded": {
                    "rootContentNode": {
                        "_links": {
                            "children": [],
                            "contentType": {
                                "href": "escaped_value"
                            },
                            "parent": "escaped_value",
                            "root": {
                                "href": "escaped_value"
                            },
                            "self": {
                                "href": "escaped_value"
                            }
                        },
                        "contentTypeName": "escaped_value",
                        "data": {
                            "columns": [
                                {
                                    "slot": "escaped_value",
                                    "width": "escaped_value"
                                }
                            ]
                        },
                        "id": "escaped_value",
                        "instanceName": "escaped_value",
                        "position": "escaped_value",
                        "slot": "escaped_value"
                    }
                },
                "_links": {
                    "camp": {
                        "href": "escaped_value"
                    },
                    "contentNodes": {
                        "href": "escaped_value"
                    },
                    "preferredContentTypes": {
                        "href": "escaped_value"
                    },
                    "rootContentNode": {
                        "href": "escaped_value"
                    },
                    "self": {
                        "href": "escaped_value"
                    }
                },
                "color": "escaped_value",
                "id": "escaped_value",
                "name": "escaped_value",
                "numberingStyle": "escaped_value",
                "short": "escaped_value"
            },
            {
                "_embedded": {
                    "rootContentNode": {
                        "_links": {
                            "children": [
                                {
                                    "href": "escaped_value"
                                }
                            ],
                            "contentType": {
                                "href": "escaped_value"
                            },
                            "parent": "escaped_value",
                            "root": {
                                "href": "escaped_value"
                            },
                            "self": {
                                "href": "escaped_value"
                            }
                        },
                        "contentTypeName": "escaped_value",
                        "data": {
                            "columns": [
                                {
                                    "slot": "escaped_value",
                                    "width": "escaped_value"
                                }
                            ]
                        },
                        "id": "escaped_value",
                        "instanceName": "escaped_value",
                        "position": "escaped_value",
                        "slot": "escaped_value"
                    }
                },
                "_links": {
                    "camp": {
                        "href": "escaped_value"
                    },
                    "contentNodes": {
                        "href": "escaped_value"
                    },
                    "preferredContentTypes": {
                        "href": "escaped_value"
                    },
                    "rootContentNode": {
                        "href": "escaped_value"
                    },
                    "self": {
                        "href": "escaped_value"
                    }
                },
                "color": "escaped_value",
                "id": "escaped_value",
                "name": "escaped_value",
                "numberingStyle": "escaped_value",
                "short": "escaped_value"
            }
        ]
    },
    "_links": {
        "items": [
            {
                "href": "escaped_value"
            },
            {
                "href": "escaped_value"
            },
            {
                "href": "escaped_value"
            },
            {
                "href": "escaped_value"
            },
            {
                "href": "escaped_value"
            }
        ],
        "self": {
            "href": "escaped_value"
        }
    },
    "totalItems": "escaped_value"
}
