{
    "_links": {
        "camp": {
            "href": "escaped_value"
        },
        "campCollaboration": "escaped_value",
        "materialItems": {
            "href": "escaped_value"
        },
        "self": {
            "href": "escaped_value"
        }
    },
    "id": "escaped_value",
    "itemCount": "escaped_value",
    "name": "escaped_value"
}
