{
    "_links": {
        "camp": {
            "href": "escaped_value"
        },
        "self": {
            "href": "escaped_value"
        }
    },
    "id": "escaped_value",
    "position": "escaped_value",
    "title": "escaped_value"
}
