{
    "_embedded": {
        "items": [
            {
                "_links": {
                    "camp": {
                        "href": "escaped_value"
                    },
                    "campCollaboration": "escaped_value",
                    "materialItems": {
                        "href": "escaped_value"
                    },
                    "self": {
                        "href": "escaped_value"
                    }
                },
                "id": "escaped_value",
                "itemCount": "escaped_value",
                "name": "escaped_value"
            },
            {
                "_links": {
                    "camp": {
                        "href": "escaped_value"
                    },
                    "campCollaboration": "escaped_value",
                    "materialItems": {
                        "href": "escaped_value"
                    },
                    "self": {
                        "href": "escaped_value"
                    }
                },
                "id": "escaped_value",
                "itemCount": "escaped_value",
                "name": "escaped_value"
            },
            {
                "_links": {
                    "camp": {
                        "href": "escaped_value"
                    },
                    "campCollaboration": "escaped_value",
                    "materialItems": {
                        "href": "escaped_value"
                    },
                    "self": {
                        "href": "escaped_value"
                    }
                },
                "id": "escaped_value",
                "itemCount": "escaped_value",
                "name": "escaped_value"
            },
            {
                "_links": {
                    "camp": {
                        "href": "escaped_value"
                    },
                    "campCollaboration": "escaped_value",
                    "materialItems": {
                        "href": "escaped_value"
                    },
                    "self": {
                        "href": "escaped_value"
                    }
                },
                "id": "escaped_value",
                "itemCount": "escaped_value",
                "name": "escaped_value"
            },
            {
                "_links": {
                    "camp": {
                        "href": "escaped_value"
                    },
                    "campCollaboration": {
                        "href": "escaped_value"
                    },
                    "materialItems": {
                        "href": "escaped_value"
                    },
                    "self": {
                        "href": "escaped_value"
                    }
                },
                "id": "escaped_value",
                "itemCount": "escaped_value",
                "name": "escaped_value"
            }
        ]
    },
    "_links": {
        "items": [
            {
                "href": "escaped_value"
            },
            {
                "href": "escaped_value"
            },
            {
                "href": "escaped_value"
            },
            {
                "href": "escaped_value"
            },
            {
                "href": "escaped_value"
            }
        ],
        "self": {
            "href": "escaped_value"
        }
    },
    "totalItems": "escaped_value"
}
