{
    "_embedded": {
        "items": [
            {
                "_links": {
                    "children": [],
                    "contentType": {
                        "href": "escaped_value"
                    },
                    "parent": {
                        "href": "escaped_value"
                    },
                    "root": {
                        "href": "escaped_value"
                    },
                    "self": {
                        "href": "escaped_value"
                    }
                },
                "contentTypeName": "escaped_value",
                "data": {
                    "options": {
                        "key1": {
                            "checked": "escaped_value"
                        },
                        "key2": {
                            "checked": "escaped_value"
                        }
                    }
                },
                "id": "escaped_value",
                "instanceName": "escaped_value",
                "position": "escaped_value",
                "slot": "escaped_value"
            },
            {
                "_links": {
                    "children": [],
                    "contentType": {
                        "href": "escaped_value"
                    },
                    "parent": {
                        "href": "escaped_value"
                    },
                    "root": {
                        "href": "escaped_value"
                    },
                    "self": {
                        "href": "escaped_value"
                    }
                },
                "contentTypeName": "escaped_value",
                "data": {
                    "options": {
                        "key1": {
                            "checked": "escaped_value"
                        }
                    }
                },
                "id": "escaped_value",
                "instanceName": "escaped_value",
                "position": "escaped_value",
                "slot": "escaped_value"
            }
        ]
    },
    "_links": {
        "items": [
            {
                "href": "escaped_value"
            },
            {
                "href": "escaped_value"
            }
        ],
        "self": {
            "href": "escaped_value"
        }
    },
    "totalItems": "escaped_value"
}
