{
    "_links": {
        "checklist": {
            "href": "escaped_value"
        },
        "checklistNodes": [
            {
                "href": "escaped_value"
            }
        ],
        "children": [],
        "parent": "escaped_value",
        "self": {
            "href": "escaped_value"
        }
    },
    "id": "escaped_value",
    "position": "escaped_value",
    "text": "escaped_value"
}
