{
    "_embedded": {
        "activity": {
            "_embedded": {
                "rootContentNode": {
                    "_links": {
                        "children": [],
                        "contentType": {
                            "href": "escaped_value"
                        },
                        "parent": "escaped_value",
                        "root": {
                            "href": "escaped_value"
                        },
                        "self": {
                            "href": "escaped_value"
                        }
                    },
                    "contentTypeName": "escaped_value",
                    "data": {
                        "columns": [
                            {
                                "slot": "escaped_value",
                                "width": "escaped_value"
                            }
                        ]
                    },
                    "id": "escaped_value",
                    "instanceName": "escaped_value",
                    "position": "escaped_value",
                    "slot": "escaped_value"
                }
            },
            "_links": {
                "activityResponsibles": {
                    "href": "escaped_value"
                },
                "camp": {
                    "href": "escaped_value"
                },
                "category": {
                    "href": "escaped_value"
                },
                "contentNodes": {
                    "href": "escaped_value"
                },
                "progressLabel": {
                    "href": "escaped_value"
                },
                "rootContentNode": {
                    "href": "escaped_value"
                },
                "scheduleEntries": {
                    "href": "escaped_value"
                },
                "self": {
                    "href": "escaped_value"
                }
            },
            "id": "escaped_value",
            "location": "escaped_value",
            "title": "escaped_value"
        }
    },
    "_links": {
        "activity": {
            "href": "escaped_value"
        },
        "day": {
            "href": "escaped_value"
        },
        "period": {
            "href": "escaped_value"
        },
        "self": {
            "href": "escaped_value"
        }
    },
    "dayNumber": "escaped_value",
    "end": "escaped_value",
    "id": "escaped_value",
    "left": "escaped_value",
    "number": "escaped_value",
    "scheduleEntryNumber": "escaped_value",
    "start": "escaped_value",
    "width": "escaped_value"
}
