{
    "_embedded": {
        "camp": {
            "_links": {
                "activities": {
                    "href": "escaped_value"
                },
                "campCollaborations": {
                    "href": "escaped_value"
                },
                "categories": {
                    "href": "escaped_value"
                },
                "creator": {
                    "href": "escaped_value"
                },
                "materialLists": {
                    "href": "escaped_value"
                },
                "periods": {
                    "href": "escaped_value"
                },
                "profiles": {
                    "href": "escaped_value"
                },
                "progressLabels": {
                    "href": "escaped_value"
                },
                "self": {
                    "href": "escaped_value"
                }
            },
            "addressCity": "escaped_value",
            "addressName": "escaped_value",
            "addressStreet": "escaped_value",
            "addressZipcode": "escaped_value",
            "coachName": "escaped_value",
            "courseKind": "escaped_value",
            "courseNumber": "escaped_value",
            "id": "escaped_value",
            "isPrototype": "escaped_value",
            "kind": "escaped_value",
            "motto": "escaped_value",
            "name": "escaped_value",
            "organizer": "escaped_value",
            "printYSLogoOnPicasso": "escaped_value",
            "title": "escaped_value",
            "trainingAdvisorName": "escaped_value"
        },
        "days": [
            {
                "_links": {
                    "dayResponsibles": {
                        "href": "escaped_value"
                    },
                    "period": {
                        "href": "escaped_value"
                    },
                    "scheduleEntries": {
                        "href": "escaped_value"
                    },
                    "self": {
                        "href": "escaped_value"
                    }
                },
                "dayOffset": "escaped_value",
                "end": "escaped_value",
                "id": "escaped_value",
                "number": "escaped_value",
                "start": "escaped_value"
            },
            {
                "_links": {
                    "dayResponsibles": {
                        "href": "escaped_value"
                    },
                    "period": {
                        "href": "escaped_value"
                    },
                    "scheduleEntries": {
                        "href": "escaped_value"
                    },
                    "self": {
                        "href": "escaped_value"
                    }
                },
                "dayOffset": "escaped_value",
                "end": "escaped_value",
                "id": "escaped_value",
                "number": "escaped_value",
                "start": "escaped_value"
            },
            {
                "_links": {
                    "dayResponsibles": {
                        "href": "escaped_value"
                    },
                    "period": {
                        "href": "escaped_value"
                    },
                    "scheduleEntries": {
                        "href": "escaped_value"
                    },
                    "self": {
                        "href": "escaped_value"
                    }
                },
                "dayOffset": "escaped_value",
                "end": "escaped_value",
                "id": "escaped_value",
                "number": "escaped_value",
                "start": "escaped_value"
            }
        ]
    },
    "_links": {
        "camp": {
            "href": "escaped_value"
        },
        "contentNodes": {
            "href": "escaped_value"
        },
        "dayResponsibles": {
            "href": "escaped_value"
        },
        "days": {
            "href": "escaped_value"
        },
        "materialItems": {
            "href": "escaped_value"
        },
        "scheduleEntries": {
            "href": "escaped_value"
        },
        "self": {
            "href": "escaped_value"
        }
    },
    "description": "escaped_value",
    "end": "escaped_value",
    "id": "escaped_value",
    "start": "escaped_value"
}
