{
    "_embedded": {
        "items": [
            {
                "_links": {
                    "materialList": {
                        "href": "escaped_value"
                    },
                    "materialNode": "escaped_value",
                    "period": {
                        "href": "escaped_value"
                    },
                    "self": {
                        "href": "escaped_value"
                    }
                },
                "article": "escaped_value",
                "id": "escaped_value",
                "quantity": "escaped_value",
                "unit": "escaped_value"
            },
            {
                "_links": {
                    "materialList": {
                        "href": "escaped_value"
                    },
                    "materialNode": "escaped_value",
                    "period": {
                        "href": "escaped_value"
                    },
                    "self": {
                        "href": "escaped_value"
                    }
                },
                "article": "escaped_value",
                "id": "escaped_value",
                "quantity": "escaped_value",
                "unit": "escaped_value"
            },
            {
                "_links": {
                    "materialList": {
                        "href": "escaped_value"
                    },
                    "materialNode": "escaped_value",
                    "period": {
                        "href": "escaped_value"
                    },
                    "self": {
                        "href": "escaped_value"
                    }
                },
                "article": "escaped_value",
                "id": "escaped_value",
                "quantity": "escaped_value",
                "unit": "escaped_value"
            },
            {
                "_links": {
                    "materialList": {
                        "href": "escaped_value"
                    },
                    "materialNode": {
                        "href": "escaped_value"
                    },
                    "period": "escaped_value",
                    "self": {
                        "href": "escaped_value"
                    }
                },
                "article": "escaped_value",
                "id": "escaped_value",
                "quantity": "escaped_value",
                "unit": "escaped_value"
            }
        ]
    },
    "_links": {
        "items": [
            {
                "href": "escaped_value"
            },
            {
                "href": "escaped_value"
            },
            {
                "href": "escaped_value"
            },
            {
                "href": "escaped_value"
            }
        ],
        "self": {
            "href": "escaped_value"
        }
    },
    "totalItems": "escaped_value"
}
