{
    "_embedded": {
        "items": [
            {
                "_links": {
                    "activity": {
                        "href": "escaped_value"
                    },
                    "day": {
                        "href": "escaped_value"
                    },
                    "period": {
                        "href": "escaped_value"
                    },
                    "self": {
                        "href": "escaped_value"
                    }
                },
                "dayNumber": "escaped_value",
                "end": "escaped_value",
                "id": "escaped_value",
                "left": "escaped_value",
                "number": "escaped_value",
                "scheduleEntryNumber": "escaped_value",
                "start": "escaped_value",
                "width": "escaped_value"
            },
            {
                "_links": {
                    "activity": {
                        "href": "escaped_value"
                    },
                    "day": {
                        "href": "escaped_value"
                    },
                    "period": {
                        "href": "escaped_value"
                    },
                    "self": {
                        "href": "escaped_value"
                    }
                },
                "dayNumber": "escaped_value",
                "end": "escaped_value",
                "id": "escaped_value",
                "left": "escaped_value",
                "number": "escaped_value",
                "scheduleEntryNumber": "escaped_value",
                "start": "escaped_value",
                "width": "escaped_value"
            },
            {
                "_links": {
                    "activity": {
                        "href": "escaped_value"
                    },
                    "day": {
                        "href": "escaped_value"
                    },
                    "period": {
                        "href": "escaped_value"
                    },
                    "self": {
                        "href": "escaped_value"
                    }
                },
                "dayNumber": "escaped_value",
                "end": "escaped_value",
                "id": "escaped_value",
                "left": "escaped_value",
                "number": "escaped_value",
                "scheduleEntryNumber": "escaped_value",
                "start": "escaped_value",
                "width": "escaped_value"
            },
            {
                "_links": {
                    "activity": {
                        "href": "escaped_value"
                    },
                    "day": {
                        "href": "escaped_value"
                    },
                    "period": {
                        "href": "escaped_value"
                    },
                    "self": {
                        "href": "escaped_value"
                    }
                },
                "dayNumber": "escaped_value",
                "end": "escaped_value",
                "id": "escaped_value",
                "left": "escaped_value",
                "number": "escaped_value",
                "scheduleEntryNumber": "escaped_value",
                "start": "escaped_value",
                "width": "escaped_value"
            },
            {
                "_links": {
                    "activity": {
                        "href": "escaped_value"
                    },
                    "day": {
                        "href": "escaped_value"
                    },
                    "period": {
                        "href": "escaped_value"
                    },
                    "self": {
                        "href": "escaped_value"
                    }
                },
                "dayNumber": "escaped_value",
                "end": "escaped_value",
                "id": "escaped_value",
                "left": "escaped_value",
                "number": "escaped_value",
                "scheduleEntryNumber": "escaped_value",
                "start": "escaped_value",
                "width": "escaped_value"
            },
            {
                "_links": {
                    "activity": {
                        "href": "escaped_value"
                    },
                    "day": {
                        "href": "escaped_value"
                    },
                    "period": {
                        "href": "escaped_value"
                    },
                    "self": {
                        "href": "escaped_value"
                    }
                },
                "dayNumber": "escaped_value",
                "end": "escaped_value",
                "id": "escaped_value",
                "left": "escaped_value",
                "number": "escaped_value",
                "scheduleEntryNumber": "escaped_value",
                "start": "escaped_value",
                "width": "escaped_value"
            }
        ]
    },
    "_links": {
        "items": [
            {
                "href": "escaped_value"
            },
            {
                "href": "escaped_value"
            },
            {
                "href": "escaped_value"
            },
            {
                "href": "escaped_value"
            },
            {
                "href": "escaped_value"
            },
            {
                "href": "escaped_value"
            }
        ],
        "self": {
            "href": "escaped_value"
        }
    },
    "totalItems": "escaped_value"
}
