{
    "_embedded": {
        "items": [
            {
                "_links": {
                    "self": {
                        "href": "escaped_value"
                    },
                    "user": {
                        "href": "escaped_value"
                    }
                },
                "abbreviation": "escaped_value",
                "color": "escaped_value",
                "email": "escaped_value",
                "firstname": "escaped_value",
                "id": "escaped_value",
                "language": "escaped_value",
                "legalName": "escaped_value",
                "nickname": "escaped_value",
                "surname": "escaped_value"
            },
            {
                "_links": {
                    "self": {
                        "href": "escaped_value"
                    },
                    "user": {
                        "href": "escaped_value"
                    }
                },
                "abbreviation": "escaped_value",
                "color": "escaped_value",
                "email": "escaped_value",
                "firstname": "escaped_value",
                "id": "escaped_value",
                "language": "escaped_value",
                "legalName": "escaped_value",
                "nickname": "escaped_value",
                "surname": "escaped_value"
            },
            {
                "_links": {
                    "self": {
                        "href": "escaped_value"
                    },
                    "user": {
                        "href": "escaped_value"
                    }
                },
                "abbreviation": "escaped_value",
                "color": "escaped_value",
                "email": "escaped_value",
                "firstname": "escaped_value",
                "id": "escaped_value",
                "language": "escaped_value",
                "legalName": "escaped_value",
                "nickname": "escaped_value",
                "surname": "escaped_value"
            },
            {
                "_links": {
                    "self": {
                        "href": "escaped_value"
                    },
                    "user": {
                        "href": "escaped_value"
                    }
                },
                "abbreviation": "escaped_value",
                "color": "escaped_value",
                "email": "escaped_value",
                "firstname": "escaped_value",
                "id": "escaped_value",
                "language": "escaped_value",
                "legalName": "escaped_value",
                "nickname": "escaped_value",
                "surname": "escaped_value"
            },
            {
                "_links": {
                    "self": {
                        "href": "escaped_value"
                    },
                    "user": {
                        "href": "escaped_value"
                    }
                },
                "abbreviation": "escaped_value",
                "color": "escaped_value",
                "email": "escaped_value",
                "firstname": "escaped_value",
                "id": "escaped_value",
                "language": "escaped_value",
                "legalName": "escaped_value",
                "nickname": "escaped_value",
                "surname": "escaped_value"
            }
        ]
    },
    "_links": {
        "items": [
            {
                "href": "escaped_value"
            },
            {
                "href": "escaped_value"
            },
            {
                "href": "escaped_value"
            },
            {
                "href": "escaped_value"
            },
            {
                "href": "escaped_value"
            }
        ],
        "self": {
            "href": "escaped_value"
        }
    },
    "totalItems": "escaped_value"
}
